Fold send proc count: 2
Proc 0: 1 3 
Proc 1: 2 5 
Fold recv proc count: 2
Proc 2: 1 3 
Proc 1: 1 
Initial vector:
1 1
3 1
2 1
5 1
After fold:
1 6
3 4
2 1
5 1
After expand:
1 6
3 4
2 6
5 6
Initial vector:
1 1
3 1
2 1
5 1
After fold:
1 6
3 4
2 1
5 1
After expand:
1 6
3 4
2 6
5 6
Initial vector:
1 1
1 1
3 1
3 1
2 1
2 1
5 1
5 1
After fold:
1 6
1 6
3 4
3 4
2 1
2 1
5 1
5 1
After expand:
1 6
1 6
3 4
3 4
2 6
2 6
5 6
5 6
Initial vector:
1 1
1 1
1 1
3 1
3 1
3 1
2 1
2 1
2 1
5 1
5 1
5 1
After fold:
1 6
1 6
1 6
3 4
3 4
3 4
2 1
2 1
2 1
5 1
5 1
5 1
After expand:
1 6
1 6
1 6
3 4
3 4
3 4
2 6
2 6
2 6
5 6
5 6
5 6
After gather scatter expand:
1 1
1 1
1 1
3 1
3 1
3 1
2 2
2 2
2 2
5 2
5 2
5 2
