Fold send proc count: 3
Proc 1: 2 5 
Proc 2: 4 
Proc 0: 1 
Fold recv proc count: 2
Proc 0: 2 5 
Proc 2: 2 5 
Initial vector:
2 2
5 2
4 2
1 2
After fold:
2 6
5 6
4 2
1 2
After expand:
2 6
5 6
4 5
1 6
Initial vector:
2 2
5 2
4 2
1 2
After fold:
2 6
5 6
4 2
1 2
After expand:
2 6
5 6
4 5
1 6
Initial vector:
2 2
2 2
5 2
5 2
4 2
4 2
1 2
1 2
After fold:
2 6
2 6
5 6
5 6
4 2
4 2
1 2
1 2
After expand:
2 6
2 6
5 6
5 6
4 5
4 5
1 6
1 6
Initial vector:
2 2
2 2
2 2
5 2
5 2
5 2
4 2
4 2
4 2
1 2
1 2
1 2
After fold:
2 6
2 6
2 6
5 6
5 6
5 6
4 2
4 2
4 2
1 2
1 2
1 2
After expand:
2 6
2 6
2 6
5 6
5 6
5 6
4 5
4 5
4 5
1 6
1 6
1 6
After gather scatter expand:
2 2
2 2
2 2
5 2
5 2
5 2
4 3
4 3
4 3
1 1
1 1
1 1
